
 Start  Stop   Length Name               Class

 00000H 02519H 0251AH _TEXT              CODE
 0251AH 027FAH 002E1H TEST_TEXT          CODE
 027FCH 028D1H 000D6H OS_CPU_A_TEXT      CODE
 028D2H 02AA7H 001D6H OS_CPU_C_TEXT      CODE
 02AA8H 02E24H 0037DH PC_TEXT            CODE
 02E25H 068E2H 03ABEH UCOS_II_TEXT       CODE
 068F0H 068F0H 00000H _FARDATA           FAR_DATA
 068F0H 068F0H 00000H _FARBSS            FAR_BSS
 068F0H 068F0H 00000H _OVERLAY_          OVRINFO
 068F0H 068F0H 00000H _1STUB_            STUBSEG
 068F0H 06DE1H 004F2H _DATA              DATA
 06DE2H 06DE3H 00002H _CVTSEG            DATA
 06DE4H 06DE9H 00006H _SCNSEG            DATA
 06DEAH 06DEAH 00000H _CONST             CONST
 06DEAH 06DF5H 0000CH _INIT_             INITDATA
 06DF6H 06DF6H 00000H _INITEND_          INITDATA
 06DF6H 06DF6H 00000H _EXIT_             EXITDATA
 06DF6H 06DF6H 00000H _EXITEND_          EXITDATA
 06DF6H 089D7H 01BE2H _BSS               BSS
 089D8H 089D8H 00000H _BSSEND            BSSEND
 089E0H 08A5FH 00080H _STACK             STACK


Detailed map of segments

 0000:0000 0295 C=CODE   S=_TEXT          G=(none)  M=c0.ASM     ACBP=28
 0000:0295 002D C=CODE   S=_TEXT          G=(none)  M=ATEXIT     ACBP=28
 0000:02C2 0093 C=CODE   S=_TEXT          G=(none)  M=EXIT       ACBP=28
 0000:0355 0000 C=CODE   S=_TEXT          G=(none)  M=FILES      ACBP=28
 0000:0355 0000 C=CODE   S=_TEXT          G=(none)  M=FILES2     ACBP=28
 0000:0355 0017 C=CODE   S=_TEXT          G=(none)  M=F_LXMUL    ACBP=28
 0000:036C 0026 C=CODE   S=_TEXT          G=(none)  M=GETDATE    ACBP=28
 0000:0392 00AE C=CODE   S=_TEXT          G=(none)  M=H_LDIV     ACBP=28
 0000:0440 0021 C=CODE   S=_TEXT          G=(none)  M=H_LLSH     ACBP=28
 0000:0461 0021 C=CODE   S=_TEXT          G=(none)  M=H_LURSH    ACBP=28
 0000:0482 0060 C=CODE   S=_TEXT          G=(none)  M=H_PADD     ACBP=28
 0000:04E2 004B C=CODE   S=_TEXT          G=(none)  M=IOERROR    ACBP=28
 0000:052D 0011 C=CODE   S=_TEXT          G=(none)  M=ISATTY     ACBP=28
 0000:053E 00A2 C=CODE   S=_TEXT          G=(none)  M=LONGTOA    ACBP=28
 0000:05E0 0029 C=CODE   S=_TEXT          G=(none)  M=LSEEK      ACBP=28
 0000:0609 0021 C=CODE   S=_TEXT          G=(none)  M=N_PCMP     ACBP=28
 0000:062A 00BA C=CODE   S=_TEXT          G=(none)  M=SETUPIO    ACBP=28
 0000:06E4 0000 C=CODE   S=_TEXT          G=(none)  M=STKLEN     ACBP=28
 0000:06E4 04DB C=CODE   S=_TEXT          G=(none)  M=VPRINTER   ACBP=28
 0000:0BBF 009F C=CODE   S=_TEXT          G=(none)  M=VRAM       ACBP=28
 0000:0C5E 0000 C=CODE   S=_TEXT          G=(none)  M=WSCROLL    ACBP=28
 0000:0C5E 014E C=CODE   S=_TEXT          G=(none)  M=CPRINTF    ACBP=28
 0000:0DAC 01A5 C=CODE   S=_TEXT          G=(none)  M=CRTINIT    ACBP=28
 0000:0F51 001F C=CODE   S=_TEXT          G=(none)  M=CVTFAK     ACBP=28
 0000:0F70 0432 C=CODE   S=_TEXT          G=(none)  M=FARHEAP    ACBP=28
 0000:13A2 0140 C=CODE   S=_TEXT          G=(none)  M=FBRK       ACBP=28
 0000:14E2 005E C=CODE   S=_TEXT          G=(none)  M=GETCH      ACBP=28
 0000:1540 00AC C=CODE   S=_TEXT          G=(none)  M=GPTEXT     ACBP=28
 0000:15EC 0012 C=CODE   S=_TEXT          G=(none)  M=KBHIT      ACBP=28
 0000:15FE 009D C=CODE   S=_TEXT          G=(none)  M=MOVETEXT   ACBP=28
 0000:169B 0017 C=CODE   S=_TEXT          G=(none)  M=PUTCH      ACBP=28
 0000:16B2 0004 C=CODE   S=_TEXT          G=(none)  M=REALCVT    ACBP=28
 0000:16B6 01C7 C=CODE   S=_TEXT          G=(none)  M=SCREEN     ACBP=28
 0000:187D 018E C=CODE   S=_TEXT          G=(none)  M=SCROLL     ACBP=28
 0000:1A0B 001C C=CODE   S=_TEXT          G=(none)  M=SETBLOCK   ACBP=28
 0000:1A27 006A C=CODE   S=_TEXT          G=(none)  M=SETJMP     ACBP=28
 0000:1A91 002C C=CODE   S=_TEXT          G=(none)  M=WHEREXY    ACBP=28
 0000:1ABD 00CD C=CODE   S=_TEXT          G=(none)  M=FFLUSH     ACBP=28
 0000:1B8A 0042 C=CODE   S=_TEXT          G=(none)  M=FLUSHALL   ACBP=28
 0000:1BCC 01E2 C=CODE   S=_TEXT          G=(none)  M=FSEEK      ACBP=28
 0000:1DAE 0024 C=CODE   S=_TEXT          G=(none)  M=MEMCPY     ACBP=28
 0000:1DD2 001B C=CODE   S=_TEXT          G=(none)  M=PRINTF     ACBP=28
 0000:1DED 03C8 C=CODE   S=_TEXT          G=(none)  M=PUTC       ACBP=28
 0000:21B5 011D C=CODE   S=_TEXT          G=(none)  M=SETVBUF    ACBP=28
 0000:22D2 0083 C=CODE   S=_TEXT          G=(none)  M=SPRINTF    ACBP=28
 0000:2355 0151 C=CODE   S=_TEXT          G=(none)  M=WRITE      ACBP=28
 0000:24A6 003C C=CODE   S=_TEXT          G=(none)  M=WRITEA     ACBP=28
 0000:24E2 0038 C=CODE   S=_TEXT          G=(none)  M=XFFLUSH    ACBP=28
 0251:000A 02E1 C=CODE   S=TEST_TEXT      G=(none)  M=test.c     ACBP=28
 027F:000C 00D6 C=CODE   S=OS_CPU_A_TEXT  G=(none)  M=\SOFTWARE\uCOS-II\Ix86L\BC45\OS_CPU_A.ASM ACBP=48
 028D:0002 01D6 C=CODE   S=OS_CPU_C_TEXT  G=(none)  M=os_cpu_c.c ACBP=28
 02AA:0008 037D C=CODE   S=PC_TEXT        G=(none)  M=pc.c       ACBP=28
 02E2:0005 3ABE C=CODE   S=UCOS_II_TEXT   G=(none)  M=ucos_ii.c  ACBP=28
 068F:0000 0000 C=FAR_DATA S=_FARDATA       G=(none)  M=c0.ASM     ACBP=68
 068F:0000 0000 C=FAR_BSS S=_FARBSS        G=(none)  M=c0.ASM     ACBP=68
 068F:0000 0000 C=OVRINFO S=_OVERLAY_      G=(none)  M=c0.ASM     ACBP=68
 068F:0000 0000 C=STUBSEG S=_1STUB_        G=(none)  M=c0.ASM     ACBP=68
 068F:0000 0093 C=DATA   S=_DATA          G=DGROUP  M=c0.ASM     ACBP=68
 068F:0094 0052 C=DATA   S=_DATA          G=DGROUP  M=test.c     ACBP=48
 068F:00E6 0000 C=DATA   S=_DATA          G=DGROUP  M=\SOFTWARE\uCOS-II\Ix86L\BC45\OS_CPU_A.ASM ACBP=48
 068F:00E6 0000 C=DATA   S=_DATA          G=DGROUP  M=os_cpu_c.c ACBP=48
 068F:00E6 001F C=DATA   S=_DATA          G=DGROUP  M=pc.c       ACBP=48
 068F:0106 0108 C=DATA   S=_DATA          G=DGROUP  M=ucos_ii.c  ACBP=48
 068F:020E 0002 C=DATA   S=_DATA          G=DGROUP  M=ATEXIT     ACBP=48
 068F:0210 000C C=DATA   S=_DATA          G=DGROUP  M=EXIT       ACBP=48
 068F:021C 0190 C=DATA   S=_DATA          G=DGROUP  M=FILES      ACBP=48
 068F:03AC 002A C=DATA   S=_DATA          G=DGROUP  M=FILES2     ACBP=48
 068F:03D6 0000 C=DATA   S=_DATA          G=DGROUP  M=F_LXMUL    ACBP=48
 068F:03D6 0000 C=DATA   S=_DATA          G=DGROUP  M=GETDATE    ACBP=48
 068F:03D6 0000 C=DATA   S=_DATA          G=DGROUP  M=H_LDIV     ACBP=48
 068F:03D6 0000 C=DATA   S=_DATA          G=DGROUP  M=H_LLSH     ACBP=48
 068F:03D6 0000 C=DATA   S=_DATA          G=DGROUP  M=H_LURSH    ACBP=48
 068F:03D6 0000 C=DATA   S=_DATA          G=DGROUP  M=H_PADD     ACBP=48
 068F:03D6 005B C=DATA   S=_DATA          G=DGROUP  M=IOERROR    ACBP=48
 068F:0432 0000 C=DATA   S=_DATA          G=DGROUP  M=ISATTY     ACBP=48
 068F:0432 0000 C=DATA   S=_DATA          G=DGROUP  M=LONGTOA    ACBP=48
 068F:0432 0000 C=DATA   S=_DATA          G=DGROUP  M=LSEEK      ACBP=48
 068F:0432 0000 C=DATA   S=_DATA          G=DGROUP  M=N_PCMP     ACBP=48
 068F:0432 0000 C=DATA   S=_DATA          G=DGROUP  M=SETUPIO    ACBP=48
 068F:0432 0002 C=DATA   S=_DATA          G=DGROUP  M=STKLEN     ACBP=48
 068F:0434 0067 C=DATA   S=_DATA          G=DGROUP  M=VPRINTER   ACBP=48
 068F:049C 0000 C=DATA   S=_DATA          G=DGROUP  M=VRAM       ACBP=48
 068F:049C 0002 C=DATA   S=_DATA          G=DGROUP  M=WSCROLL    ACBP=48
 068F:049E 0000 C=DATA   S=_DATA          G=DGROUP  M=CPRINTF    ACBP=48
 068F:049E 0018 C=DATA   S=_DATA          G=DGROUP  M=CRTINIT    ACBP=48
 068F:04B6 0031 C=DATA   S=_DATA          G=DGROUP  M=CVTFAK     ACBP=48
 068F:04E8 0000 C=DATA   S=_DATA          G=DGROUP  M=FARHEAP    ACBP=48
 068F:04E8 0002 C=DATA   S=_DATA          G=DGROUP  M=FBRK       ACBP=48
 068F:04EA 0000 C=DATA   S=_DATA          G=DGROUP  M=GETCH      ACBP=48
 068F:04EA 0000 C=DATA   S=_DATA          G=DGROUP  M=GPTEXT     ACBP=48
 068F:04EA 0002 C=DATA   S=_DATA          G=DGROUP  M=KBHIT      ACBP=48
 068F:04EC 0000 C=DATA   S=_DATA          G=DGROUP  M=MOVETEXT   ACBP=48
 068F:04EC 0000 C=DATA   S=_DATA          G=DGROUP  M=PUTCH      ACBP=48
 068F:04EC 0000 C=DATA   S=_DATA          G=DGROUP  M=REALCVT    ACBP=48
 068F:04EC 0000 C=DATA   S=_DATA          G=DGROUP  M=SCREEN     ACBP=48
 068F:04EC 0000 C=DATA   S=_DATA          G=DGROUP  M=SCROLL     ACBP=48
 068F:04EC 0000 C=DATA   S=_DATA          G=DGROUP  M=SETBLOCK   ACBP=48
 068F:04EC 0000 C=DATA   S=_DATA          G=DGROUP  M=SETJMP     ACBP=48
 068F:04EC 0000 C=DATA   S=_DATA          G=DGROUP  M=WHEREXY    ACBP=48
 068F:04EC 0000 C=DATA   S=_DATA          G=DGROUP  M=FFLUSH     ACBP=48
 068F:04EC 0000 C=DATA   S=_DATA          G=DGROUP  M=FLUSHALL   ACBP=48
 068F:04EC 0000 C=DATA   S=_DATA          G=DGROUP  M=FSEEK      ACBP=48
 068F:04EC 0000 C=DATA   S=_DATA          G=DGROUP  M=MEMCPY     ACBP=48
 068F:04EC 0000 C=DATA   S=_DATA          G=DGROUP  M=PRINTF     ACBP=48
 068F:04EC 0001 C=DATA   S=_DATA          G=DGROUP  M=PUTC       ACBP=48
 068F:04EE 0004 C=DATA   S=_DATA          G=DGROUP  M=SETVBUF    ACBP=48
 068F:04F2 0000 C=DATA   S=_DATA          G=DGROUP  M=SPRINTF    ACBP=48
 068F:04F2 0000 C=DATA   S=_DATA          G=DGROUP  M=WRITE      ACBP=48
 068F:04F2 0000 C=DATA   S=_DATA          G=DGROUP  M=WRITEA     ACBP=48
 068F:04F2 0000 C=DATA   S=_DATA          G=DGROUP  M=XFFLUSH    ACBP=48
 068F:04F2 0000 C=DATA   S=_CVTSEG        G=DGROUP  M=c0.ASM     ACBP=48
 068F:04F2 0002 C=DATA   S=_CVTSEG        G=DGROUP  M=CVTFAK     ACBP=48
 068F:04F4 0000 C=DATA   S=_CVTSEG        G=DGROUP  M=REALCVT    ACBP=48
 068F:04F4 0000 C=DATA   S=_SCNSEG        G=DGROUP  M=c0.ASM     ACBP=48
 068F:04F4 0006 C=DATA   S=_SCNSEG        G=DGROUP  M=CVTFAK     ACBP=48
 068F:04FA 0000 C=CONST  S=_CONST         G=DGROUP  M=c0.ASM     ACBP=48
 068F:04FA 0000 C=INITDATA S=_INIT_         G=DGROUP  M=c0.ASM     ACBP=48
 068F:04FA 0006 C=INITDATA S=_INIT_         G=DGROUP  M=SETUPIO    ACBP=48
 068F:0500 0006 C=INITDATA S=_INIT_         G=DGROUP  M=CRTINIT    ACBP=48
 068F:0506 0000 C=INITDATA S=_INITEND_      G=DGROUP  M=c0.ASM     ACBP=28
 068F:0506 0000 C=EXITDATA S=_EXIT_         G=DGROUP  M=c0.ASM     ACBP=48
 068F:0506 0000 C=EXITDATA S=_EXITEND_      G=DGROUP  M=c0.ASM     ACBP=28
 068F:0506 0000 C=BSS    S=_BSS           G=DGROUP  M=c0.ASM     ACBP=48
 068F:0506 1007 C=BSS    S=_BSS           G=DGROUP  M=test.c     ACBP=48
 068F:150E 0001 C=BSS    S=_BSS           G=DGROUP  M=os_cpu_c.c ACBP=48
 068F:1510 001B C=BSS    S=_BSS           G=DGROUP  M=pc.c       ACBP=48
 068F:152C 0B3A C=BSS    S=_BSS           G=DGROUP  M=ucos_ii.c  ACBP=48
 068F:2066 0080 C=BSS    S=_BSS           G=DGROUP  M=ATEXIT     ACBP=48
 068F:20E6 0000 C=BSS    S=_BSS           G=DGROUP  M=IOERROR    ACBP=48
 068F:20E6 0000 C=BSS    S=_BSS           G=DGROUP  M=ISATTY     ACBP=48
 068F:20E6 0000 C=BSS    S=_BSS           G=DGROUP  M=LONGTOA    ACBP=48
 068F:20E6 0000 C=BSS    S=_BSS           G=DGROUP  M=LSEEK      ACBP=48
 068F:20E6 0000 C=BSS    S=_BSS           G=DGROUP  M=SETUPIO    ACBP=48
 068F:20E6 0000 C=BSS    S=_BSS           G=DGROUP  M=VPRINTER   ACBP=48
 068F:20E6 0000 C=BSS    S=_BSS           G=DGROUP  M=VRAM       ACBP=48
 068F:20E6 0000 C=BSS    S=_BSS           G=DGROUP  M=CRTINIT    ACBP=48
 068F:20E6 0000 C=BSS    S=_BSS           G=DGROUP  M=GETCH      ACBP=48
 068F:20E6 0000 C=BSS    S=_BSS           G=DGROUP  M=KBHIT      ACBP=48
 068F:20E6 0000 C=BSS    S=_BSS           G=DGROUP  M=SETBLOCK   ACBP=48
 068F:20E6 0000 C=BSS    S=_BSS           G=DGROUP  M=SETJMP     ACBP=48
 068F:20E6 0000 C=BSS    S=_BSS           G=DGROUP  M=MEMCPY     ACBP=48
 068F:20E6 0001 C=BSS    S=_BSS           G=DGROUP  M=PUTC       ACBP=48
 068F:20E8 0000 C=BSS    S=_BSS           G=DGROUP  M=WRITEA     ACBP=48
 068F:20E8 0000 C=BSSEND S=_BSSEND        G=DGROUP  M=c0.ASM     ACBP=28
 089E:0000 0080 C=STACK  S=_STACK         G=(none)  M=c0.ASM     ACBP=74

  Address         Publics by Name

 068F:0000 idle  DATASEG@
 0000:0291 idle  DGROUP@
 0000:0395 idle  F_LDIV@
 0000:03A4 idle  F_LMOD@
 0000:039C       F_LUDIV@
 0000:03AC idle  F_LUMOD@
 0000:0443       F_LXLSH@
 0000:0355       F_LXMUL@
 0000:0464       F_LXURSH@
 0000:0485 idle  F_PADD@
 0000:04B4 idle  F_PSUB@
 0000:0395 idle  LDIV@
 0000:03A4 idle  LMOD@
 0000:039C idle  LUDIV@
 0000:03AC idle  LUMOD@
 0000:0443 idle  LXLSH@
 0000:0355 idle  LXMUL@
 0000:0464 idle  LXURSH@
 0000:0392 idle  N_LDIV@
 0000:03A1 idle  N_LMOD@
 0000:0399 idle  N_LUDIV@
 0000:03A9 idle  N_LUMOD@
 0000:0440       N_LXLSH@
 0000:0461 idle  N_LXURSH@
 0000:0482       N_PADD@
 0000:0609       N_PCMP@
 0000:04B1 idle  N_PSUB@
 0000:0485 idle  PADD@
 0000:04B4 idle  PSUB@
 0000:027A       _abort
 0000:0295 idle  _atexit
 068F:205C idle  _c
 0000:0D90 idle  _cprintf
 068F:04AD       _directvideo
 068F:007F       _errno
 0000:031A       _exit
 0000:10B0 idle  _farfree
 0000:11C4 idle  _farmalloc
 0000:1328 idle  _farrealloc
 0000:1ABD       _fflush
 0000:1B8A       _flushall
 0000:1E09 idle  _fputc
 0000:1F9E idle  _fputchar
 0000:10B0       _free
 0000:1C4E       _fseek
 0000:1CCE idle  _ftell
 0000:14E2       _getch
 0000:14FE idle  _getche
 0000:036C       _getdate
 0000:1540       _gettext
 0000:037F       _gettime
 0251:02C9 idle  _InitMsg
 0000:052D       _isatty
 0000:15EC       _kbhit
 0000:1A5D       _longjmp
 0000:05E0       _lseek
 0251:000A       _main
 0000:11BA       _malloc
 0000:1DAE       _memcpy
 0000:15FE       _movetext
 068F:2062       _msgList
 068F:205E       _msgTemp
 068F:200C idle  _OSCPUUsage
 027F:002A       _OSCtxSw
 068F:2058 idle  _OSCtxSwCtr
 068F:2054 idle  _OSEventFreeList
 068F:2034 idle  _OSEventTbl
 02E2:0A84 idle  _OSFlagAccept
 02E2:0BB6 idle  _OSFlagCreate
 02E2:0C2E idle  _OSFlagDel
 068F:200D idle  _OSFlagFreeList
 02E2:0D70 idle  _OSFlagPend
 02E2:0FCA idle  _OSFlagPost
 02E2:116A idle  _OSFlagQuery
 068F:2011 idle  _OSFlagTbl
 068F:1BEF idle  _OSIdleCtr
 068F:2008 idle  _OSIdleCtrMax
 068F:2004 idle  _OSIdleCtrRun
 02E2:0005       _OSInit
 028D:0002       _OSInitHookBegin
 028D:0003       _OSInitHookEnd
 027F:0065       _OSIntCtxSw
 02E2:003D idle  _OSIntEnter
 02E2:0050       _OSIntExit
 068F:1C01 idle  _OSIntExitY
 068F:1C02       _OSIntNesting
 068F:1C00 idle  _OSLockNesting
 068F:0106 idle  _OSMapTbl
 02E2:13FA idle  _OSMboxAccept
 02E2:1445 idle  _OSMboxCreate
 02E2:14BA idle  _OSMboxDel
 02E2:15D8 idle  _OSMboxPend
 02E2:16DA idle  _OSMboxPost
 02E2:1752 idle  _OSMboxPostOpt
 02E2:17F5 idle  _OSMboxQuery
 02E2:18E9 idle  _OSMemCreate
 068F:15C8 idle  _OSMemFreeList
 02E2:1A34 idle  _OSMemGet
 02E2:1AB2 idle  _OSMemPut
 02E2:1B22 idle  _OSMemQuery
 068F:1564 idle  _OSMemTbl
 02E2:1C6F idle  _OSMutexAccept
 02E2:1CFA idle  _OSMutexCreate
 02E2:1DE0 idle  _OSMutexDel
 02E2:1F3A idle  _OSMutexPend
 02E2:2125 idle  _OSMutexPost
 02E2:22AD idle  _OSMutexQuery
 068F:1BFF       _OSPrioCur
 068F:1BFE       _OSPrioHighRdy
 02E2:23C8 idle  _OSQAccept
 02E2:2468 idle  _OSQCreate
 02E2:258B idle  _OSQDel
 02E2:2708 idle  _OSQFlush
 068F:1560 idle  _OSQFreeList
 02E2:2760 idle  _OSQPend
 02E2:28A6 idle  _OSQPost
 02E2:296E idle  _OSQPostFront
 02E2:2A30 idle  _OSQPostOpt
 02E2:2B6E idle  _OSQQuery
 068F:1530 idle  _OSQTbl
 068F:1BFD idle  _OSRdyGrp
 068F:1BF5 idle  _OSRdyTbl
 068F:1BF4       _OSRunning
 02E2:0152 idle  _OSSchedLock
 02E2:0168 idle  _OSSchedUnlock
 02E2:2CF9 idle  _OSSemAccept
 02E2:2D2B       _OSSemCreate
 02E2:2D9F idle  _OSSemDel
 02E2:2EBD idle  _OSSemPend
 02E2:2F6D idle  _OSSemPost
 02E2:2FC7 idle  _OSSemQuery
 02E2:0195       _OSStart
 027F:000C       _OSStartHighRdy
 02E2:0277       _OSStatInit
 068F:2003 idle  _OSStatRdy
 02E2:30B3 idle  _OSTaskChangePrio
 02E2:327F       _OSTaskCreate
 02E2:333C idle  _OSTaskCreateExt
 028D:0004       _OSTaskCreateHook
 068F:1BF3 idle  _OSTaskCtr
 02E2:342C idle  _OSTaskDel
 028D:0009       _OSTaskDelHook
 02E2:360B idle  _OSTaskDelReq
 028D:000E       _OSTaskIdleHook
 068F:17EF idle  _OSTaskIdleStk
 02E2:3889 idle  _OSTaskQuery
 02E2:3677 idle  _OSTaskResume
 028D:000F       _OSTaskStatHook
 068F:1C03 idle  _OSTaskStatStk
 02E2:36F6 idle  _OSTaskStkChk
 028D:0010       _OSTaskStkInit
 028D:00F6 idle  _OSTaskStkInit_FPE_x86
 02E2:37DB idle  _OSTaskSuspend
 028D:01D1       _OSTaskSwHook
 068F:17EB       _OSTCBCur
 068F:17E7 idle  _OSTCBFreeList
 068F:17E3       _OSTCBHighRdy
 028D:01D2       _OSTCBInitHook
 068F:17DF idle  _OSTCBList
 068F:16DF idle  _OSTCBPrioTbl
 068F:15CC idle  _OSTCBTbl
 068F:150E       _OSTickDOSCtr
 027F:0092       _OSTickISR
 068F:152C idle  _OSTime
 02E2:38F7       _OSTimeDly
 02E2:393E idle  _OSTimeDlyHMSM
 02E2:3A17 idle  _OSTimeDlyResume
 02E2:3A8F       _OSTimeGet
 02E2:3AAE idle  _OSTimeSet
 02E2:02B1       _OSTimeTick
 028D:01D7       _OSTimeTickHook
 068F:010E idle  _OSUnMapTbl
 02E2:034C idle  _OSVersion
 02E2:0350 idle  _OS_Dummy
 02E2:0351 idle  _OS_EventTaskRdy
 02E2:041B idle  _OS_EventTaskWait
 02E2:0488 idle  _OS_EventTO
 02E2:04DC idle  _OS_EventWaitListInit
 02E2:128C idle  _OS_FlagInit
 02E2:134B idle  _OS_FlagUnlink
 02E2:1BCB idle  _OS_MemInit
 02E2:2CA9 idle  _OS_QInit
 02E2:0712 idle  _OS_Sched
 02E2:0802 idle  _OS_TaskIdle
 02E2:0827 idle  _OS_TaskStat
 02E2:08F1 idle  _OS_TCBInit
 02AA:0008 idle  _PC_DispChar
 02AA:0046 idle  _PC_DispClrCol
 02AA:008C idle  _PC_DispClrRow
 02AA:00C5       _PC_DispClrScr
 02AA:00F6 idle  _PC_DispStr
 02AA:0145       _PC_DOSReturn
 02AA:0159       _PC_DOSSaveReturn
 02AA:01C7 idle  _PC_ElapsedInit
 02AA:01DB idle  _PC_ElapsedStart
 02AA:0201 idle  _PC_ElapsedStop
 02AA:0252 idle  _PC_GetDateTime
 02AA:02A5       _PC_GetKey
 02AA:02CC       _PC_SetTickRate
 068F:1510 idle  _PC_TickISR
 02AA:0319 idle  _PC_VectGet
 02AA:0350       _PC_VectSet
 0000:1DD2       _printf
 0251:024B idle  _PrintMsg
 0000:169B       _putch
 0000:1596       _puttext
 068F:0506 idle  _RandomSem
 0000:1321 idle  _realloc
 0000:1A0B       _setblock
 0000:1A27       _setjmp
 0000:21B5       _setvbuf
 0000:2312       _sprintf
 0251:0093 idle  _Task1
 0251:0161 idle  _Task2
 0251:01D6 idle  _Task3
 068F:050A idle  _TaskData
 068F:050D idle  _TaskStartStk
 068F:090D idle  _TaskStk
 0000:1522 idle  _ungetch
 0000:2334 idle  _vsprintf
 0000:1A9B idle  _wherex
 0000:1AAA idle  _wherey
 0000:1000 idle  __AHINCR
 0000:000C idle  __AHSHIFT
 068F:020E       __atexitcnt
 068F:2066       __atexittbl
 0000:1418       __brk
 068F:008B       __brklvl
 068F:006B idle  __C0argc
 068F:006D idle  __C0argv
 0000:0E72 idle  __c0crtinit
 068F:0071 idle  __C0environ
 068F:04EB       __cChar
 0000:033B idle  __cexit
 068F:04EA       __cFlag
 0000:016A       __checknull
 0000:0157       __cleanup
 0000:0C5E       __CPUTN
 0000:0E8F idle  __crtinit
 0000:0000  Abs  __cvtfak
 0000:0349 idle  __c_exit
 068F:03D6 idle  __doserrno
 0000:051B idle  __DOSERROR
 068F:03D8 idle  __dosErrorToSV
 068F:0075 idle  __envLng
 068F:0077 idle  __envseg
 068F:0079 idle  __envSize
 0000:0329       __exit
 068F:0210       __exitbuf
 068F:0214 idle  __exitfopen
 068F:0218 idle  __exitopen
 0000:1DED idle  __fputc
 0000:1FB2       __FPUTN
 068F:0087       __heapbase
 068F:008F       __heaptop
 068F:005B idle  __Int0Vector
 068F:005F idle  __Int4Vector
 068F:0063 idle  __Int5Vector
 068F:0067 idle  __Int6Vector
 0000:04E2       __IOERROR
 0000:053E       __LONGTOA
 0000:0293 idle  __MMODEL
 068F:03AC       __nfile
 0000:14FB idle  __Ngetche
 0000:151F idle  __Nungetch
 068F:03AE       __openfd
 068F:007D idle  __osmajor
 068F:007E idle  __osminor
 068F:007D idle  __osversion
 068F:007B       __psp
 0000:16B2       __REALCVT
 068F:04F2       __RealCvtVector
 0000:01C0       __restorezero
 0000:1457       __sbrk
 068F:04F4 idle  __ScanTodVector
 0000:17EC       __SCREENIO
 0000:189F       __SCROLL
 0000:062A       __setupio
 068F:0081 idle  __StartTime
 068F:0432       __stklen
 068F:021C       __streams
 0000:016B       __terminate
 0000:0000 idle  __turboCrt
 0000:05C0 idle  __UTOA
 0000:1828       __VALIDATEXY
 068F:007D idle  __version
 068F:049E       __video
 0000:0DE7       __VideoInt
 0000:06FC       __VPRINTER
 0000:0BBF       __VPTR
 0000:0BE4       __VRAM
 0000:1A91       __wherexy
 0000:24A6       __write
 068F:049C       __wscroll
 0000:24E2       __xfflush
 068F:0085 idle  ___brklvl
 0000:0F70 idle  ___first
 0000:0F72 idle  ___last
 0000:0F74 idle  ___rover
 0000:2355       ___write

  Address         Publics by Value

 0000:0000 idle  __turboCrt
 0000:0000  Abs  __cvtfak
 0000:000C idle  __AHSHIFT
 0000:0157       __cleanup
 0000:016A       __checknull
 0000:016B       __terminate
 0000:01C0       __restorezero
 0000:027A       _abort
 0000:0291 idle  DGROUP@
 0000:0293 idle  __MMODEL
 0000:0295 idle  _atexit
 0000:031A       _exit
 0000:0329       __exit
 0000:033B idle  __cexit
 0000:0349 idle  __c_exit
 0000:0355       F_LXMUL@
 0000:0355 idle  LXMUL@
 0000:036C       _getdate
 0000:037F       _gettime
 0000:0392 idle  N_LDIV@
 0000:0395 idle  LDIV@
 0000:0395 idle  F_LDIV@
 0000:0399 idle  N_LUDIV@
 0000:039C       F_LUDIV@
 0000:039C idle  LUDIV@
 0000:03A1 idle  N_LMOD@
 0000:03A4 idle  F_LMOD@
 0000:03A4 idle  LMOD@
 0000:03A9 idle  N_LUMOD@
 0000:03AC idle  LUMOD@
 0000:03AC idle  F_LUMOD@
 0000:0440       N_LXLSH@
 0000:0443       F_LXLSH@
 0000:0443 idle  LXLSH@
 0000:0461 idle  N_LXURSH@
 0000:0464       F_LXURSH@
 0000:0464 idle  LXURSH@
 0000:0482       N_PADD@
 0000:0485 idle  F_PADD@
 0000:0485 idle  PADD@
 0000:04B1 idle  N_PSUB@
 0000:04B4 idle  F_PSUB@
 0000:04B4 idle  PSUB@
 0000:04E2       __IOERROR
 0000:051B idle  __DOSERROR
 0000:052D       _isatty
 0000:053E       __LONGTOA
 0000:05C0 idle  __UTOA
 0000:05E0       _lseek
 0000:0609       N_PCMP@
 0000:062A       __setupio
 0000:06FC       __VPRINTER
 0000:0BBF       __VPTR
 0000:0BE4       __VRAM
 0000:0C5E       __CPUTN
 0000:0D90 idle  _cprintf
 0000:0DE7       __VideoInt
 0000:0E72 idle  __c0crtinit
 0000:0E8F idle  __crtinit
 0000:0F70 idle  ___first
 0000:0F72 idle  ___last
 0000:0F74 idle  ___rover
 0000:1000 idle  __AHINCR
 0000:10B0       _free
 0000:10B0 idle  _farfree
 0000:11BA       _malloc
 0000:11C4 idle  _farmalloc
 0000:1321 idle  _realloc
 0000:1328 idle  _farrealloc
 0000:1418       __brk
 0000:1457       __sbrk
 0000:14E2       _getch
 0000:14FB idle  __Ngetche
 0000:14FE idle  _getche
 0000:151F idle  __Nungetch
 0000:1522 idle  _ungetch
 0000:1540       _gettext
 0000:1596       _puttext
 0000:15EC       _kbhit
 0000:15FE       _movetext
 0000:169B       _putch
 0000:16B2       __REALCVT
 0000:17EC       __SCREENIO
 0000:1828       __VALIDATEXY
 0000:189F       __SCROLL
 0000:1A0B       _setblock
 0000:1A27       _setjmp
 0000:1A5D       _longjmp
 0000:1A91       __wherexy
 0000:1A9B idle  _wherex
 0000:1AAA idle  _wherey
 0000:1ABD       _fflush
 0000:1B8A       _flushall
 0000:1C4E       _fseek
 0000:1CCE idle  _ftell
 0000:1DAE       _memcpy
 0000:1DD2       _printf
 0000:1DED idle  __fputc
 0000:1E09 idle  _fputc
 0000:1F9E idle  _fputchar
 0000:1FB2       __FPUTN
 0000:21B5       _setvbuf
 0000:2312       _sprintf
 0000:2334 idle  _vsprintf
 0000:2355       ___write
 0000:24A6       __write
 0000:24E2       __xfflush
 0251:000A       _main
 0251:0093 idle  _Task1
 0251:0161 idle  _Task2
 0251:01D6 idle  _Task3
 0251:024B idle  _PrintMsg
 0251:02C9 idle  _InitMsg
 027F:000C       _OSStartHighRdy
 027F:002A       _OSCtxSw
 027F:0065       _OSIntCtxSw
 027F:0092       _OSTickISR
 028D:0002       _OSInitHookBegin
 028D:0003       _OSInitHookEnd
 028D:0004       _OSTaskCreateHook
 028D:0009       _OSTaskDelHook
 028D:000E       _OSTaskIdleHook
 028D:000F       _OSTaskStatHook
 028D:0010       _OSTaskStkInit
 028D:00F6 idle  _OSTaskStkInit_FPE_x86
 028D:01D1       _OSTaskSwHook
 028D:01D2       _OSTCBInitHook
 028D:01D7       _OSTimeTickHook
 02AA:0008 idle  _PC_DispChar
 02AA:0046 idle  _PC_DispClrCol
 02AA:008C idle  _PC_DispClrRow
 02AA:00C5       _PC_DispClrScr
 02AA:00F6 idle  _PC_DispStr
 02AA:0145       _PC_DOSReturn
 02AA:0159       _PC_DOSSaveReturn
 02AA:01C7 idle  _PC_ElapsedInit
 02AA:01DB idle  _PC_ElapsedStart
 02AA:0201 idle  _PC_ElapsedStop
 02AA:0252 idle  _PC_GetDateTime
 02AA:02A5       _PC_GetKey
 02AA:02CC       _PC_SetTickRate
 02AA:0319 idle  _PC_VectGet
 02AA:0350       _PC_VectSet
 02E2:0005       _OSInit
 02E2:003D idle  _OSIntEnter
 02E2:0050       _OSIntExit
 02E2:0152 idle  _OSSchedLock
 02E2:0168 idle  _OSSchedUnlock
 02E2:0195       _OSStart
 02E2:0277       _OSStatInit
 02E2:02B1       _OSTimeTick
 02E2:034C idle  _OSVersion
 02E2:0350 idle  _OS_Dummy
 02E2:0351 idle  _OS_EventTaskRdy
 02E2:041B idle  _OS_EventTaskWait
 02E2:0488 idle  _OS_EventTO
 02E2:04DC idle  _OS_EventWaitListInit
 02E2:0712 idle  _OS_Sched
 02E2:0802 idle  _OS_TaskIdle
 02E2:0827 idle  _OS_TaskStat
 02E2:08F1 idle  _OS_TCBInit
 02E2:0A84 idle  _OSFlagAccept
 02E2:0BB6 idle  _OSFlagCreate
 02E2:0C2E idle  _OSFlagDel
 02E2:0D70 idle  _OSFlagPend
 02E2:0FCA idle  _OSFlagPost
 02E2:116A idle  _OSFlagQuery
 02E2:128C idle  _OS_FlagInit
 02E2:134B idle  _OS_FlagUnlink
 02E2:13FA idle  _OSMboxAccept
 02E2:1445 idle  _OSMboxCreate
 02E2:14BA idle  _OSMboxDel
 02E2:15D8 idle  _OSMboxPend
 02E2:16DA idle  _OSMboxPost
 02E2:1752 idle  _OSMboxPostOpt
 02E2:17F5 idle  _OSMboxQuery
 02E2:18E9 idle  _OSMemCreate
 02E2:1A34 idle  _OSMemGet
 02E2:1AB2 idle  _OSMemPut
 02E2:1B22 idle  _OSMemQuery
 02E2:1BCB idle  _OS_MemInit
 02E2:1C6F idle  _OSMutexAccept
 02E2:1CFA idle  _OSMutexCreate
 02E2:1DE0 idle  _OSMutexDel
 02E2:1F3A idle  _OSMutexPend
 02E2:2125 idle  _OSMutexPost
 02E2:22AD idle  _OSMutexQuery
 02E2:23C8 idle  _OSQAccept
 02E2:2468 idle  _OSQCreate
 02E2:258B idle  _OSQDel
 02E2:2708 idle  _OSQFlush
 02E2:2760 idle  _OSQPend
 02E2:28A6 idle  _OSQPost
 02E2:296E idle  _OSQPostFront
 02E2:2A30 idle  _OSQPostOpt
 02E2:2B6E idle  _OSQQuery
 02E2:2CA9 idle  _OS_QInit
 02E2:2CF9 idle  _OSSemAccept
 02E2:2D2B       _OSSemCreate
 02E2:2D9F idle  _OSSemDel
 02E2:2EBD idle  _OSSemPend
 02E2:2F6D idle  _OSSemPost
 02E2:2FC7 idle  _OSSemQuery
 02E2:30B3 idle  _OSTaskChangePrio
 02E2:327F       _OSTaskCreate
 02E2:333C idle  _OSTaskCreateExt
 02E2:342C idle  _OSTaskDel
 02E2:360B idle  _OSTaskDelReq
 02E2:3677 idle  _OSTaskResume
 02E2:36F6 idle  _OSTaskStkChk
 02E2:37DB idle  _OSTaskSuspend
 02E2:3889 idle  _OSTaskQuery
 02E2:38F7       _OSTimeDly
 02E2:393E idle  _OSTimeDlyHMSM
 02E2:3A17 idle  _OSTimeDlyResume
 02E2:3A8F       _OSTimeGet
 02E2:3AAE idle  _OSTimeSet
 068F:0000 idle  DATASEG@
 068F:005B idle  __Int0Vector
 068F:005F idle  __Int4Vector
 068F:0063 idle  __Int5Vector
 068F:0067 idle  __Int6Vector
 068F:006B idle  __C0argc
 068F:006D idle  __C0argv
 068F:0071 idle  __C0environ
 068F:0075 idle  __envLng
 068F:0077 idle  __envseg
 068F:0079 idle  __envSize
 068F:007B       __psp
 068F:007D idle  __osversion
 068F:007D idle  __osmajor
 068F:007D idle  __version
 068F:007E idle  __osminor
 068F:007F       _errno
 068F:0081 idle  __StartTime
 068F:0085 idle  ___brklvl
 068F:0087       __heapbase
 068F:008B       __brklvl
 068F:008F       __heaptop
 068F:0106 idle  _OSMapTbl
 068F:010E idle  _OSUnMapTbl
 068F:020E       __atexitcnt
 068F:0210       __exitbuf
 068F:0214 idle  __exitfopen
 068F:0218 idle  __exitopen
 068F:021C       __streams
 068F:03AC       __nfile
 068F:03AE       __openfd
 068F:03D6 idle  __doserrno
 068F:03D8 idle  __dosErrorToSV
 068F:0432       __stklen
 068F:049C       __wscroll
 068F:049E       __video
 068F:04AD       _directvideo
 068F:04EA       __cFlag
 068F:04EB       __cChar
 068F:04F2       __RealCvtVector
 068F:04F4 idle  __ScanTodVector
 068F:0506 idle  _RandomSem
 068F:050A idle  _TaskData
 068F:050D idle  _TaskStartStk
 068F:090D idle  _TaskStk
 068F:150E       _OSTickDOSCtr
 068F:1510 idle  _PC_TickISR
 068F:152C idle  _OSTime
 068F:1530 idle  _OSQTbl
 068F:1560 idle  _OSQFreeList
 068F:1564 idle  _OSMemTbl
 068F:15C8 idle  _OSMemFreeList
 068F:15CC idle  _OSTCBTbl
 068F:16DF idle  _OSTCBPrioTbl
 068F:17DF idle  _OSTCBList
 068F:17E3       _OSTCBHighRdy
 068F:17E7 idle  _OSTCBFreeList
 068F:17EB       _OSTCBCur
 068F:17EF idle  _OSTaskIdleStk
 068F:1BEF idle  _OSIdleCtr
 068F:1BF3 idle  _OSTaskCtr
 068F:1BF4       _OSRunning
 068F:1BF5 idle  _OSRdyTbl
 068F:1BFD idle  _OSRdyGrp
 068F:1BFE       _OSPrioHighRdy
 068F:1BFF       _OSPrioCur
 068F:1C00 idle  _OSLockNesting
 068F:1C01 idle  _OSIntExitY
 068F:1C02       _OSIntNesting
 068F:1C03 idle  _OSTaskStatStk
 068F:2003 idle  _OSStatRdy
 068F:2004 idle  _OSIdleCtrRun
 068F:2008 idle  _OSIdleCtrMax
 068F:200C idle  _OSCPUUsage
 068F:200D idle  _OSFlagFreeList
 068F:2011 idle  _OSFlagTbl
 068F:2034 idle  _OSEventTbl
 068F:2054 idle  _OSEventFreeList
 068F:2058 idle  _OSCtxSwCtr
 068F:205C idle  _c
 068F:205E       _msgTemp
 068F:2062       _msgList
 068F:2066       __atexittbl

Program entry point at 0000:0000

