
 Start  Stop   Length Name               Class

 00000H 02519H 0251AH _TEXT              CODE
 0251AH 027FAH 002E1H TEST_TEXT          CODE
 027FCH 028D1H 000D6H OS_CPU_A_TEXT      CODE
 028D2H 02AA7H 001D6H OS_CPU_C_TEXT      CODE
 02AA8H 02E24H 0037DH PC_TEXT            CODE
 02E25H 0685FH 03A3BH UCOS_II_TEXT       CODE
 06860H 06860H 00000H _FARDATA           FAR_DATA
 06860H 06860H 00000H _FARBSS            FAR_BSS
 06860H 06860H 00000H _OVERLAY_          OVRINFO
 06860H 06860H 00000H _1STUB_            STUBSEG
 06860H 06D51H 004F2H _DATA              DATA
 06D52H 06D53H 00002H _CVTSEG            DATA
 06D54H 06D59H 00006H _SCNSEG            DATA
 06D5AH 06D5AH 00000H _CONST             CONST
 06D5AH 06D65H 0000CH _INIT_             INITDATA
 06D66H 06D66H 00000H _INITEND_          INITDATA
 06D66H 06D66H 00000H _EXIT_             EXITDATA
 06D66H 06D66H 00000H _EXITEND_          EXITDATA
 06D66H 08947H 01BE2H _BSS               BSS
 08948H 08948H 00000H _BSSEND            BSSEND
 08950H 089CFH 00080H _STACK             STACK


Detailed map of segments

 0000:0000 0295 C=CODE   S=_TEXT          G=(none)  M=c0.ASM     ACBP=28
 0000:0295 002D C=CODE   S=_TEXT          G=(none)  M=ATEXIT     ACBP=28
 0000:02C2 0093 C=CODE   S=_TEXT          G=(none)  M=EXIT       ACBP=28
 0000:0355 0000 C=CODE   S=_TEXT          G=(none)  M=FILES      ACBP=28
 0000:0355 0000 C=CODE   S=_TEXT          G=(none)  M=FILES2     ACBP=28
 0000:0355 0017 C=CODE   S=_TEXT          G=(none)  M=F_LXMUL    ACBP=28
 0000:036C 0026 C=CODE   S=_TEXT          G=(none)  M=GETDATE    ACBP=28
 0000:0392 00AE C=CODE   S=_TEXT          G=(none)  M=H_LDIV     ACBP=28
 0000:0440 0021 C=CODE   S=_TEXT          G=(none)  M=H_LLSH     ACBP=28
 0000:0461 0021 C=CODE   S=_TEXT          G=(none)  M=H_LURSH    ACBP=28
 0000:0482 0060 C=CODE   S=_TEXT          G=(none)  M=H_PADD     ACBP=28
 0000:04E2 004B C=CODE   S=_TEXT          G=(none)  M=IOERROR    ACBP=28
 0000:052D 0011 C=CODE   S=_TEXT          G=(none)  M=ISATTY     ACBP=28
 0000:053E 00A2 C=CODE   S=_TEXT          G=(none)  M=LONGTOA    ACBP=28
 0000:05E0 0029 C=CODE   S=_TEXT          G=(none)  M=LSEEK      ACBP=28
 0000:0609 0021 C=CODE   S=_TEXT          G=(none)  M=N_PCMP     ACBP=28
 0000:062A 00BA C=CODE   S=_TEXT          G=(none)  M=SETUPIO    ACBP=28
 0000:06E4 0000 C=CODE   S=_TEXT          G=(none)  M=STKLEN     ACBP=28
 0000:06E4 04DB C=CODE   S=_TEXT          G=(none)  M=VPRINTER   ACBP=28
 0000:0BBF 009F C=CODE   S=_TEXT          G=(none)  M=VRAM       ACBP=28
 0000:0C5E 0000 C=CODE   S=_TEXT          G=(none)  M=WSCROLL    ACBP=28
 0000:0C5E 014E C=CODE   S=_TEXT          G=(none)  M=CPRINTF    ACBP=28
 0000:0DAC 01A5 C=CODE   S=_TEXT          G=(none)  M=CRTINIT    ACBP=28
 0000:0F51 001F C=CODE   S=_TEXT          G=(none)  M=CVTFAK     ACBP=28
 0000:0F70 0432 C=CODE   S=_TEXT          G=(none)  M=FARHEAP    ACBP=28
 0000:13A2 0140 C=CODE   S=_TEXT          G=(none)  M=FBRK       ACBP=28
 0000:14E2 005E C=CODE   S=_TEXT          G=(none)  M=GETCH      ACBP=28
 0000:1540 00AC C=CODE   S=_TEXT          G=(none)  M=GPTEXT     ACBP=28
 0000:15EC 0012 C=CODE   S=_TEXT          G=(none)  M=KBHIT      ACBP=28
 0000:15FE 009D C=CODE   S=_TEXT          G=(none)  M=MOVETEXT   ACBP=28
 0000:169B 0017 C=CODE   S=_TEXT          G=(none)  M=PUTCH      ACBP=28
 0000:16B2 0004 C=CODE   S=_TEXT          G=(none)  M=REALCVT    ACBP=28
 0000:16B6 01C7 C=CODE   S=_TEXT          G=(none)  M=SCREEN     ACBP=28
 0000:187D 018E C=CODE   S=_TEXT          G=(none)  M=SCROLL     ACBP=28
 0000:1A0B 001C C=CODE   S=_TEXT          G=(none)  M=SETBLOCK   ACBP=28
 0000:1A27 006A C=CODE   S=_TEXT          G=(none)  M=SETJMP     ACBP=28
 0000:1A91 002C C=CODE   S=_TEXT          G=(none)  M=WHEREXY    ACBP=28
 0000:1ABD 00CD C=CODE   S=_TEXT          G=(none)  M=FFLUSH     ACBP=28
 0000:1B8A 0042 C=CODE   S=_TEXT          G=(none)  M=FLUSHALL   ACBP=28
 0000:1BCC 01E2 C=CODE   S=_TEXT          G=(none)  M=FSEEK      ACBP=28
 0000:1DAE 0024 C=CODE   S=_TEXT          G=(none)  M=MEMCPY     ACBP=28
 0000:1DD2 001B C=CODE   S=_TEXT          G=(none)  M=PRINTF     ACBP=28
 0000:1DED 03C8 C=CODE   S=_TEXT          G=(none)  M=PUTC       ACBP=28
 0000:21B5 011D C=CODE   S=_TEXT          G=(none)  M=SETVBUF    ACBP=28
 0000:22D2 0083 C=CODE   S=_TEXT          G=(none)  M=SPRINTF    ACBP=28
 0000:2355 0151 C=CODE   S=_TEXT          G=(none)  M=WRITE      ACBP=28
 0000:24A6 003C C=CODE   S=_TEXT          G=(none)  M=WRITEA     ACBP=28
 0000:24E2 0038 C=CODE   S=_TEXT          G=(none)  M=XFFLUSH    ACBP=28
 0251:000A 02E1 C=CODE   S=TEST_TEXT      G=(none)  M=test.c     ACBP=28
 027F:000C 00D6 C=CODE   S=OS_CPU_A_TEXT  G=(none)  M=\SOFTWARE\uCOS-II\Ix86L\BC45\OS_CPU_A.ASM ACBP=48
 028D:0002 01D6 C=CODE   S=OS_CPU_C_TEXT  G=(none)  M=os_cpu_c.c ACBP=28
 02AA:0008 037D C=CODE   S=PC_TEXT        G=(none)  M=pc.c       ACBP=28
 02E2:0005 3A3B C=CODE   S=UCOS_II_TEXT   G=(none)  M=ucos_ii.c  ACBP=28
 0686:0000 0000 C=FAR_DATA S=_FARDATA       G=(none)  M=c0.ASM     ACBP=68
 0686:0000 0000 C=FAR_BSS S=_FARBSS        G=(none)  M=c0.ASM     ACBP=68
 0686:0000 0000 C=OVRINFO S=_OVERLAY_      G=(none)  M=c0.ASM     ACBP=68
 0686:0000 0000 C=STUBSEG S=_1STUB_        G=(none)  M=c0.ASM     ACBP=68
 0686:0000 0093 C=DATA   S=_DATA          G=DGROUP  M=c0.ASM     ACBP=68
 0686:0094 0052 C=DATA   S=_DATA          G=DGROUP  M=test.c     ACBP=48
 0686:00E6 0000 C=DATA   S=_DATA          G=DGROUP  M=\SOFTWARE\uCOS-II\Ix86L\BC45\OS_CPU_A.ASM ACBP=48
 0686:00E6 0000 C=DATA   S=_DATA          G=DGROUP  M=os_cpu_c.c ACBP=48
 0686:00E6 001F C=DATA   S=_DATA          G=DGROUP  M=pc.c       ACBP=48
 0686:0106 0108 C=DATA   S=_DATA          G=DGROUP  M=ucos_ii.c  ACBP=48
 0686:020E 0002 C=DATA   S=_DATA          G=DGROUP  M=ATEXIT     ACBP=48
 0686:0210 000C C=DATA   S=_DATA          G=DGROUP  M=EXIT       ACBP=48
 0686:021C 0190 C=DATA   S=_DATA          G=DGROUP  M=FILES      ACBP=48
 0686:03AC 002A C=DATA   S=_DATA          G=DGROUP  M=FILES2     ACBP=48
 0686:03D6 0000 C=DATA   S=_DATA          G=DGROUP  M=F_LXMUL    ACBP=48
 0686:03D6 0000 C=DATA   S=_DATA          G=DGROUP  M=GETDATE    ACBP=48
 0686:03D6 0000 C=DATA   S=_DATA          G=DGROUP  M=H_LDIV     ACBP=48
 0686:03D6 0000 C=DATA   S=_DATA          G=DGROUP  M=H_LLSH     ACBP=48
 0686:03D6 0000 C=DATA   S=_DATA          G=DGROUP  M=H_LURSH    ACBP=48
 0686:03D6 0000 C=DATA   S=_DATA          G=DGROUP  M=H_PADD     ACBP=48
 0686:03D6 005B C=DATA   S=_DATA          G=DGROUP  M=IOERROR    ACBP=48
 0686:0432 0000 C=DATA   S=_DATA          G=DGROUP  M=ISATTY     ACBP=48
 0686:0432 0000 C=DATA   S=_DATA          G=DGROUP  M=LONGTOA    ACBP=48
 0686:0432 0000 C=DATA   S=_DATA          G=DGROUP  M=LSEEK      ACBP=48
 0686:0432 0000 C=DATA   S=_DATA          G=DGROUP  M=N_PCMP     ACBP=48
 0686:0432 0000 C=DATA   S=_DATA          G=DGROUP  M=SETUPIO    ACBP=48
 0686:0432 0002 C=DATA   S=_DATA          G=DGROUP  M=STKLEN     ACBP=48
 0686:0434 0067 C=DATA   S=_DATA          G=DGROUP  M=VPRINTER   ACBP=48
 0686:049C 0000 C=DATA   S=_DATA          G=DGROUP  M=VRAM       ACBP=48
 0686:049C 0002 C=DATA   S=_DATA          G=DGROUP  M=WSCROLL    ACBP=48
 0686:049E 0000 C=DATA   S=_DATA          G=DGROUP  M=CPRINTF    ACBP=48
 0686:049E 0018 C=DATA   S=_DATA          G=DGROUP  M=CRTINIT    ACBP=48
 0686:04B6 0031 C=DATA   S=_DATA          G=DGROUP  M=CVTFAK     ACBP=48
 0686:04E8 0000 C=DATA   S=_DATA          G=DGROUP  M=FARHEAP    ACBP=48
 0686:04E8 0002 C=DATA   S=_DATA          G=DGROUP  M=FBRK       ACBP=48
 0686:04EA 0000 C=DATA   S=_DATA          G=DGROUP  M=GETCH      ACBP=48
 0686:04EA 0000 C=DATA   S=_DATA          G=DGROUP  M=GPTEXT     ACBP=48
 0686:04EA 0002 C=DATA   S=_DATA          G=DGROUP  M=KBHIT      ACBP=48
 0686:04EC 0000 C=DATA   S=_DATA          G=DGROUP  M=MOVETEXT   ACBP=48
 0686:04EC 0000 C=DATA   S=_DATA          G=DGROUP  M=PUTCH      ACBP=48
 0686:04EC 0000 C=DATA   S=_DATA          G=DGROUP  M=REALCVT    ACBP=48
 0686:04EC 0000 C=DATA   S=_DATA          G=DGROUP  M=SCREEN     ACBP=48
 0686:04EC 0000 C=DATA   S=_DATA          G=DGROUP  M=SCROLL     ACBP=48
 0686:04EC 0000 C=DATA   S=_DATA          G=DGROUP  M=SETBLOCK   ACBP=48
 0686:04EC 0000 C=DATA   S=_DATA          G=DGROUP  M=SETJMP     ACBP=48
 0686:04EC 0000 C=DATA   S=_DATA          G=DGROUP  M=WHEREXY    ACBP=48
 0686:04EC 0000 C=DATA   S=_DATA          G=DGROUP  M=FFLUSH     ACBP=48
 0686:04EC 0000 C=DATA   S=_DATA          G=DGROUP  M=FLUSHALL   ACBP=48
 0686:04EC 0000 C=DATA   S=_DATA          G=DGROUP  M=FSEEK      ACBP=48
 0686:04EC 0000 C=DATA   S=_DATA          G=DGROUP  M=MEMCPY     ACBP=48
 0686:04EC 0000 C=DATA   S=_DATA          G=DGROUP  M=PRINTF     ACBP=48
 0686:04EC 0001 C=DATA   S=_DATA          G=DGROUP  M=PUTC       ACBP=48
 0686:04EE 0004 C=DATA   S=_DATA          G=DGROUP  M=SETVBUF    ACBP=48
 0686:04F2 0000 C=DATA   S=_DATA          G=DGROUP  M=SPRINTF    ACBP=48
 0686:04F2 0000 C=DATA   S=_DATA          G=DGROUP  M=WRITE      ACBP=48
 0686:04F2 0000 C=DATA   S=_DATA          G=DGROUP  M=WRITEA     ACBP=48
 0686:04F2 0000 C=DATA   S=_DATA          G=DGROUP  M=XFFLUSH    ACBP=48
 0686:04F2 0000 C=DATA   S=_CVTSEG        G=DGROUP  M=c0.ASM     ACBP=48
 0686:04F2 0002 C=DATA   S=_CVTSEG        G=DGROUP  M=CVTFAK     ACBP=48
 0686:04F4 0000 C=DATA   S=_CVTSEG        G=DGROUP  M=REALCVT    ACBP=48
 0686:04F4 0000 C=DATA   S=_SCNSEG        G=DGROUP  M=c0.ASM     ACBP=48
 0686:04F4 0006 C=DATA   S=_SCNSEG        G=DGROUP  M=CVTFAK     ACBP=48
 0686:04FA 0000 C=CONST  S=_CONST         G=DGROUP  M=c0.ASM     ACBP=48
 0686:04FA 0000 C=INITDATA S=_INIT_         G=DGROUP  M=c0.ASM     ACBP=48
 0686:04FA 0006 C=INITDATA S=_INIT_         G=DGROUP  M=SETUPIO    ACBP=48
 0686:0500 0006 C=INITDATA S=_INIT_         G=DGROUP  M=CRTINIT    ACBP=48
 0686:0506 0000 C=INITDATA S=_INITEND_      G=DGROUP  M=c0.ASM     ACBP=28
 0686:0506 0000 C=EXITDATA S=_EXIT_         G=DGROUP  M=c0.ASM     ACBP=48
 0686:0506 0000 C=EXITDATA S=_EXITEND_      G=DGROUP  M=c0.ASM     ACBP=28
 0686:0506 0000 C=BSS    S=_BSS           G=DGROUP  M=c0.ASM     ACBP=48
 0686:0506 1007 C=BSS    S=_BSS           G=DGROUP  M=test.c     ACBP=48
 0686:150E 0001 C=BSS    S=_BSS           G=DGROUP  M=os_cpu_c.c ACBP=48
 0686:1510 001B C=BSS    S=_BSS           G=DGROUP  M=pc.c       ACBP=48
 0686:152C 0B3A C=BSS    S=_BSS           G=DGROUP  M=ucos_ii.c  ACBP=48
 0686:2066 0080 C=BSS    S=_BSS           G=DGROUP  M=ATEXIT     ACBP=48
 0686:20E6 0000 C=BSS    S=_BSS           G=DGROUP  M=IOERROR    ACBP=48
 0686:20E6 0000 C=BSS    S=_BSS           G=DGROUP  M=ISATTY     ACBP=48
 0686:20E6 0000 C=BSS    S=_BSS           G=DGROUP  M=LONGTOA    ACBP=48
 0686:20E6 0000 C=BSS    S=_BSS           G=DGROUP  M=LSEEK      ACBP=48
 0686:20E6 0000 C=BSS    S=_BSS           G=DGROUP  M=SETUPIO    ACBP=48
 0686:20E6 0000 C=BSS    S=_BSS           G=DGROUP  M=VPRINTER   ACBP=48
 0686:20E6 0000 C=BSS    S=_BSS           G=DGROUP  M=VRAM       ACBP=48
 0686:20E6 0000 C=BSS    S=_BSS           G=DGROUP  M=CRTINIT    ACBP=48
 0686:20E6 0000 C=BSS    S=_BSS           G=DGROUP  M=GETCH      ACBP=48
 0686:20E6 0000 C=BSS    S=_BSS           G=DGROUP  M=KBHIT      ACBP=48
 0686:20E6 0000 C=BSS    S=_BSS           G=DGROUP  M=SETBLOCK   ACBP=48
 0686:20E6 0000 C=BSS    S=_BSS           G=DGROUP  M=SETJMP     ACBP=48
 0686:20E6 0000 C=BSS    S=_BSS           G=DGROUP  M=MEMCPY     ACBP=48
 0686:20E6 0001 C=BSS    S=_BSS           G=DGROUP  M=PUTC       ACBP=48
 0686:20E8 0000 C=BSS    S=_BSS           G=DGROUP  M=WRITEA     ACBP=48
 0686:20E8 0000 C=BSSEND S=_BSSEND        G=DGROUP  M=c0.ASM     ACBP=28
 0895:0000 0080 C=STACK  S=_STACK         G=(none)  M=c0.ASM     ACBP=74

  Address         Publics by Name

 0686:0000 idle  DATASEG@
 0000:0291 idle  DGROUP@
 0000:0395 idle  F_LDIV@
 0000:03A4 idle  F_LMOD@
 0000:039C       F_LUDIV@
 0000:03AC idle  F_LUMOD@
 0000:0443       F_LXLSH@
 0000:0355       F_LXMUL@
 0000:0464       F_LXURSH@
 0000:0485 idle  F_PADD@
 0000:04B4 idle  F_PSUB@
 0000:0395 idle  LDIV@
 0000:03A4 idle  LMOD@
 0000:039C idle  LUDIV@
 0000:03AC idle  LUMOD@
 0000:0443 idle  LXLSH@
 0000:0355 idle  LXMUL@
 0000:0464 idle  LXURSH@
 0000:0392 idle  N_LDIV@
 0000:03A1 idle  N_LMOD@
 0000:0399 idle  N_LUDIV@
 0000:03A9 idle  N_LUMOD@
 0000:0440       N_LXLSH@
 0000:0461 idle  N_LXURSH@
 0000:0482       N_PADD@
 0000:0609       N_PCMP@
 0000:04B1 idle  N_PSUB@
 0000:0485 idle  PADD@
 0000:04B4 idle  PSUB@
 0000:027A       _abort
 0000:0295 idle  _atexit
 0686:205C idle  _c
 0000:0D90 idle  _cprintf
 0686:04AD       _directvideo
 0686:007F       _errno
 0000:031A       _exit
 0000:10B0 idle  _farfree
 0000:11C4 idle  _farmalloc
 0000:1328 idle  _farrealloc
 0000:1ABD       _fflush
 0000:1B8A       _flushall
 0000:1E09 idle  _fputc
 0000:1F9E idle  _fputchar
 0000:10B0       _free
 0000:1C4E       _fseek
 0000:1CCE idle  _ftell
 0000:14E2       _getch
 0000:14FE idle  _getche
 0000:036C       _getdate
 0000:1540       _gettext
 0000:037F       _gettime
 0251:02C9 idle  _InitMsg
 0000:052D       _isatty
 0000:15EC       _kbhit
 0000:1A5D       _longjmp
 0000:05E0       _lseek
 0251:000A       _main
 0000:11BA       _malloc
 0000:1DAE       _memcpy
 0000:15FE       _movetext
 0686:2062       _msgList
 0686:205E       _msgTemp
 0686:200C idle  _OSCPUUsage
 027F:002A       _OSCtxSw
 0686:2058 idle  _OSCtxSwCtr
 0686:2054 idle  _OSEventFreeList
 0686:2034 idle  _OSEventTbl
 02E2:0A01 idle  _OSFlagAccept
 02E2:0B33 idle  _OSFlagCreate
 02E2:0BAB idle  _OSFlagDel
 0686:200D idle  _OSFlagFreeList
 02E2:0CED idle  _OSFlagPend
 02E2:0F47 idle  _OSFlagPost
 02E2:10E7 idle  _OSFlagQuery
 0686:2011 idle  _OSFlagTbl
 0686:1BEF idle  _OSIdleCtr
 0686:2008 idle  _OSIdleCtrMax
 0686:2004 idle  _OSIdleCtrRun
 02E2:0005       _OSInit
 028D:0002       _OSInitHookBegin
 028D:0003       _OSInitHookEnd
 027F:0065       _OSIntCtxSw
 02E2:003D idle  _OSIntEnter
 02E2:0050       _OSIntExit
 0686:1C01 idle  _OSIntExitY
 0686:1C02       _OSIntNesting
 0686:1C00 idle  _OSLockNesting
 0686:0106 idle  _OSMapTbl
 02E2:1377 idle  _OSMboxAccept
 02E2:13C2 idle  _OSMboxCreate
 02E2:1437 idle  _OSMboxDel
 02E2:1555 idle  _OSMboxPend
 02E2:1657 idle  _OSMboxPost
 02E2:16CF idle  _OSMboxPostOpt
 02E2:1772 idle  _OSMboxQuery
 02E2:1866 idle  _OSMemCreate
 0686:15C8 idle  _OSMemFreeList
 02E2:19B1 idle  _OSMemGet
 02E2:1A2F idle  _OSMemPut
 02E2:1A9F idle  _OSMemQuery
 0686:1564 idle  _OSMemTbl
 02E2:1BEC idle  _OSMutexAccept
 02E2:1C77 idle  _OSMutexCreate
 02E2:1D5D idle  _OSMutexDel
 02E2:1EB7 idle  _OSMutexPend
 02E2:20A2 idle  _OSMutexPost
 02E2:222A idle  _OSMutexQuery
 0686:1BFF       _OSPrioCur
 0686:1BFE       _OSPrioHighRdy
 02E2:2345 idle  _OSQAccept
 02E2:23E5 idle  _OSQCreate
 02E2:2508 idle  _OSQDel
 02E2:2685 idle  _OSQFlush
 0686:1560 idle  _OSQFreeList
 02E2:26DD idle  _OSQPend
 02E2:2823 idle  _OSQPost
 02E2:28EB idle  _OSQPostFront
 02E2:29AD idle  _OSQPostOpt
 02E2:2AEB idle  _OSQQuery
 0686:1530 idle  _OSQTbl
 0686:1BFD idle  _OSRdyGrp
 0686:1BF5 idle  _OSRdyTbl
 0686:1BF4       _OSRunning
 02E2:0152 idle  _OSSchedLock
 02E2:0168 idle  _OSSchedUnlock
 02E2:2C76 idle  _OSSemAccept
 02E2:2CA8       _OSSemCreate
 02E2:2D1C idle  _OSSemDel
 02E2:2E3A idle  _OSSemPend
 02E2:2EEA idle  _OSSemPost
 02E2:2F44 idle  _OSSemQuery
 02E2:0195       _OSStart
 027F:000C       _OSStartHighRdy
 02E2:01F4       _OSStatInit
 0686:2003 idle  _OSStatRdy
 02E2:3030 idle  _OSTaskChangePrio
 02E2:31FC       _OSTaskCreate
 02E2:32B9 idle  _OSTaskCreateExt
 028D:0004       _OSTaskCreateHook
 0686:1BF3 idle  _OSTaskCtr
 02E2:33A9 idle  _OSTaskDel
 028D:0009       _OSTaskDelHook
 02E2:3588 idle  _OSTaskDelReq
 028D:000E       _OSTaskIdleHook
 0686:17EF idle  _OSTaskIdleStk
 02E2:3806 idle  _OSTaskQuery
 02E2:35F4 idle  _OSTaskResume
 028D:000F       _OSTaskStatHook
 0686:1C03 idle  _OSTaskStatStk
 02E2:3673 idle  _OSTaskStkChk
 028D:0010       _OSTaskStkInit
 028D:00F6 idle  _OSTaskStkInit_FPE_x86
 02E2:3758 idle  _OSTaskSuspend
 028D:01D1       _OSTaskSwHook
 0686:17EB       _OSTCBCur
 0686:17E7 idle  _OSTCBFreeList
 0686:17E3       _OSTCBHighRdy
 028D:01D2       _OSTCBInitHook
 0686:17DF idle  _OSTCBList
 0686:16DF idle  _OSTCBPrioTbl
 0686:15CC idle  _OSTCBTbl
 0686:150E       _OSTickDOSCtr
 027F:0092       _OSTickISR
 0686:152C idle  _OSTime
 02E2:3874       _OSTimeDly
 02E2:38BB idle  _OSTimeDlyHMSM
 02E2:3994 idle  _OSTimeDlyResume
 02E2:3A0C       _OSTimeGet
 02E2:3A2B idle  _OSTimeSet
 02E2:022E       _OSTimeTick
 028D:01D7       _OSTimeTickHook
 0686:010E idle  _OSUnMapTbl
 02E2:02C9 idle  _OSVersion
 02E2:02CD idle  _OS_Dummy
 02E2:02CE idle  _OS_EventTaskRdy
 02E2:0398 idle  _OS_EventTaskWait
 02E2:0405 idle  _OS_EventTO
 02E2:0459 idle  _OS_EventWaitListInit
 02E2:1209 idle  _OS_FlagInit
 02E2:12C8 idle  _OS_FlagUnlink
 02E2:1B48 idle  _OS_MemInit
 02E2:2C26 idle  _OS_QInit
 02E2:068F idle  _OS_Sched
 02E2:077F idle  _OS_TaskIdle
 02E2:07A4 idle  _OS_TaskStat
 02E2:086E idle  _OS_TCBInit
 02AA:0008 idle  _PC_DispChar
 02AA:0046 idle  _PC_DispClrCol
 02AA:008C idle  _PC_DispClrRow
 02AA:00C5       _PC_DispClrScr
 02AA:00F6 idle  _PC_DispStr
 02AA:0145       _PC_DOSReturn
 02AA:0159       _PC_DOSSaveReturn
 02AA:01C7 idle  _PC_ElapsedInit
 02AA:01DB idle  _PC_ElapsedStart
 02AA:0201 idle  _PC_ElapsedStop
 02AA:0252 idle  _PC_GetDateTime
 02AA:02A5       _PC_GetKey
 02AA:02CC       _PC_SetTickRate
 0686:1510 idle  _PC_TickISR
 02AA:0319 idle  _PC_VectGet
 02AA:0350       _PC_VectSet
 0000:1DD2       _printf
 0251:024B idle  _PrintMsg
 0000:169B       _putch
 0000:1596       _puttext
 0686:0506 idle  _RandomSem
 0000:1321 idle  _realloc
 0000:1A0B       _setblock
 0000:1A27       _setjmp
 0000:21B5       _setvbuf
 0000:2312       _sprintf
 0251:0093 idle  _Task1
 0251:0161 idle  _Task2
 0251:01D6 idle  _Task3
 0686:050A idle  _TaskData
 0686:050D idle  _TaskStartStk
 0686:090D idle  _TaskStk
 0000:1522 idle  _ungetch
 0000:2334 idle  _vsprintf
 0000:1A9B idle  _wherex
 0000:1AAA idle  _wherey
 0000:1000 idle  __AHINCR
 0000:000C idle  __AHSHIFT
 0686:020E       __atexitcnt
 0686:2066       __atexittbl
 0000:1418       __brk
 0686:008B       __brklvl
 0686:006B idle  __C0argc
 0686:006D idle  __C0argv
 0000:0E72 idle  __c0crtinit
 0686:0071 idle  __C0environ
 0686:04EB       __cChar
 0000:033B idle  __cexit
 0686:04EA       __cFlag
 0000:016A       __checknull
 0000:0157       __cleanup
 0000:0C5E       __CPUTN
 0000:0E8F idle  __crtinit
 0000:0000  Abs  __cvtfak
 0000:0349 idle  __c_exit
 0686:03D6 idle  __doserrno
 0000:051B idle  __DOSERROR
 0686:03D8 idle  __dosErrorToSV
 0686:0075 idle  __envLng
 0686:0077 idle  __envseg
 0686:0079 idle  __envSize
 0000:0329       __exit
 0686:0210       __exitbuf
 0686:0214 idle  __exitfopen
 0686:0218 idle  __exitopen
 0000:1DED idle  __fputc
 0000:1FB2       __FPUTN
 0686:0087       __heapbase
 0686:008F       __heaptop
 0686:005B idle  __Int0Vector
 0686:005F idle  __Int4Vector
 0686:0063 idle  __Int5Vector
 0686:0067 idle  __Int6Vector
 0000:04E2       __IOERROR
 0000:053E       __LONGTOA
 0000:0293 idle  __MMODEL
 0686:03AC       __nfile
 0000:14FB idle  __Ngetche
 0000:151F idle  __Nungetch
 0686:03AE       __openfd
 0686:007D idle  __osmajor
 0686:007E idle  __osminor
 0686:007D idle  __osversion
 0686:007B       __psp
 0000:16B2       __REALCVT
 0686:04F2       __RealCvtVector
 0000:01C0       __restorezero
 0000:1457       __sbrk
 0686:04F4 idle  __ScanTodVector
 0000:17EC       __SCREENIO
 0000:189F       __SCROLL
 0000:062A       __setupio
 0686:0081 idle  __StartTime
 0686:0432       __stklen
 0686:021C       __streams
 0000:016B       __terminate
 0000:0000 idle  __turboCrt
 0000:05C0 idle  __UTOA
 0000:1828       __VALIDATEXY
 0686:007D idle  __version
 0686:049E       __video
 0000:0DE7       __VideoInt
 0000:06FC       __VPRINTER
 0000:0BBF       __VPTR
 0000:0BE4       __VRAM
 0000:1A91       __wherexy
 0000:24A6       __write
 0686:049C       __wscroll
 0000:24E2       __xfflush
 0686:0085 idle  ___brklvl
 0000:0F70 idle  ___first
 0000:0F72 idle  ___last
 0000:0F74 idle  ___rover
 0000:2355       ___write

  Address         Publics by Value

 0000:0000 idle  __turboCrt
 0000:0000  Abs  __cvtfak
 0000:000C idle  __AHSHIFT
 0000:0157       __cleanup
 0000:016A       __checknull
 0000:016B       __terminate
 0000:01C0       __restorezero
 0000:027A       _abort
 0000:0291 idle  DGROUP@
 0000:0293 idle  __MMODEL
 0000:0295 idle  _atexit
 0000:031A       _exit
 0000:0329       __exit
 0000:033B idle  __cexit
 0000:0349 idle  __c_exit
 0000:0355       F_LXMUL@
 0000:0355 idle  LXMUL@
 0000:036C       _getdate
 0000:037F       _gettime
 0000:0392 idle  N_LDIV@
 0000:0395 idle  LDIV@
 0000:0395 idle  F_LDIV@
 0000:0399 idle  N_LUDIV@
 0000:039C       F_LUDIV@
 0000:039C idle  LUDIV@
 0000:03A1 idle  N_LMOD@
 0000:03A4 idle  F_LMOD@
 0000:03A4 idle  LMOD@
 0000:03A9 idle  N_LUMOD@
 0000:03AC idle  LUMOD@
 0000:03AC idle  F_LUMOD@
 0000:0440       N_LXLSH@
 0000:0443       F_LXLSH@
 0000:0443 idle  LXLSH@
 0000:0461 idle  N_LXURSH@
 0000:0464       F_LXURSH@
 0000:0464 idle  LXURSH@
 0000:0482       N_PADD@
 0000:0485 idle  F_PADD@
 0000:0485 idle  PADD@
 0000:04B1 idle  N_PSUB@
 0000:04B4 idle  F_PSUB@
 0000:04B4 idle  PSUB@
 0000:04E2       __IOERROR
 0000:051B idle  __DOSERROR
 0000:052D       _isatty
 0000:053E       __LONGTOA
 0000:05C0 idle  __UTOA
 0000:05E0       _lseek
 0000:0609       N_PCMP@
 0000:062A       __setupio
 0000:06FC       __VPRINTER
 0000:0BBF       __VPTR
 0000:0BE4       __VRAM
 0000:0C5E       __CPUTN
 0000:0D90 idle  _cprintf
 0000:0DE7       __VideoInt
 0000:0E72 idle  __c0crtinit
 0000:0E8F idle  __crtinit
 0000:0F70 idle  ___first
 0000:0F72 idle  ___last
 0000:0F74 idle  ___rover
 0000:1000 idle  __AHINCR
 0000:10B0       _free
 0000:10B0 idle  _farfree
 0000:11BA       _malloc
 0000:11C4 idle  _farmalloc
 0000:1321 idle  _realloc
 0000:1328 idle  _farrealloc
 0000:1418       __brk
 0000:1457       __sbrk
 0000:14E2       _getch
 0000:14FB idle  __Ngetche
 0000:14FE idle  _getche
 0000:151F idle  __Nungetch
 0000:1522 idle  _ungetch
 0000:1540       _gettext
 0000:1596       _puttext
 0000:15EC       _kbhit
 0000:15FE       _movetext
 0000:169B       _putch
 0000:16B2       __REALCVT
 0000:17EC       __SCREENIO
 0000:1828       __VALIDATEXY
 0000:189F       __SCROLL
 0000:1A0B       _setblock
 0000:1A27       _setjmp
 0000:1A5D       _longjmp
 0000:1A91       __wherexy
 0000:1A9B idle  _wherex
 0000:1AAA idle  _wherey
 0000:1ABD       _fflush
 0000:1B8A       _flushall
 0000:1C4E       _fseek
 0000:1CCE idle  _ftell
 0000:1DAE       _memcpy
 0000:1DD2       _printf
 0000:1DED idle  __fputc
 0000:1E09 idle  _fputc
 0000:1F9E idle  _fputchar
 0000:1FB2       __FPUTN
 0000:21B5       _setvbuf
 0000:2312       _sprintf
 0000:2334 idle  _vsprintf
 0000:2355       ___write
 0000:24A6       __write
 0000:24E2       __xfflush
 0251:000A       _main
 0251:0093 idle  _Task1
 0251:0161 idle  _Task2
 0251:01D6 idle  _Task3
 0251:024B idle  _PrintMsg
 0251:02C9 idle  _InitMsg
 027F:000C       _OSStartHighRdy
 027F:002A       _OSCtxSw
 027F:0065       _OSIntCtxSw
 027F:0092       _OSTickISR
 028D:0002       _OSInitHookBegin
 028D:0003       _OSInitHookEnd
 028D:0004       _OSTaskCreateHook
 028D:0009       _OSTaskDelHook
 028D:000E       _OSTaskIdleHook
 028D:000F       _OSTaskStatHook
 028D:0010       _OSTaskStkInit
 028D:00F6 idle  _OSTaskStkInit_FPE_x86
 028D:01D1       _OSTaskSwHook
 028D:01D2       _OSTCBInitHook
 028D:01D7       _OSTimeTickHook
 02AA:0008 idle  _PC_DispChar
 02AA:0046 idle  _PC_DispClrCol
 02AA:008C idle  _PC_DispClrRow
 02AA:00C5       _PC_DispClrScr
 02AA:00F6 idle  _PC_DispStr
 02AA:0145       _PC_DOSReturn
 02AA:0159       _PC_DOSSaveReturn
 02AA:01C7 idle  _PC_ElapsedInit
 02AA:01DB idle  _PC_ElapsedStart
 02AA:0201 idle  _PC_ElapsedStop
 02AA:0252 idle  _PC_GetDateTime
 02AA:02A5       _PC_GetKey
 02AA:02CC       _PC_SetTickRate
 02AA:0319 idle  _PC_VectGet
 02AA:0350       _PC_VectSet
 02E2:0005       _OSInit
 02E2:003D idle  _OSIntEnter
 02E2:0050       _OSIntExit
 02E2:0152 idle  _OSSchedLock
 02E2:0168 idle  _OSSchedUnlock
 02E2:0195       _OSStart
 02E2:01F4       _OSStatInit
 02E2:022E       _OSTimeTick
 02E2:02C9 idle  _OSVersion
 02E2:02CD idle  _OS_Dummy
 02E2:02CE idle  _OS_EventTaskRdy
 02E2:0398 idle  _OS_EventTaskWait
 02E2:0405 idle  _OS_EventTO
 02E2:0459 idle  _OS_EventWaitListInit
 02E2:068F idle  _OS_Sched
 02E2:077F idle  _OS_TaskIdle
 02E2:07A4 idle  _OS_TaskStat
 02E2:086E idle  _OS_TCBInit
 02E2:0A01 idle  _OSFlagAccept
 02E2:0B33 idle  _OSFlagCreate
 02E2:0BAB idle  _OSFlagDel
 02E2:0CED idle  _OSFlagPend
 02E2:0F47 idle  _OSFlagPost
 02E2:10E7 idle  _OSFlagQuery
 02E2:1209 idle  _OS_FlagInit
 02E2:12C8 idle  _OS_FlagUnlink
 02E2:1377 idle  _OSMboxAccept
 02E2:13C2 idle  _OSMboxCreate
 02E2:1437 idle  _OSMboxDel
 02E2:1555 idle  _OSMboxPend
 02E2:1657 idle  _OSMboxPost
 02E2:16CF idle  _OSMboxPostOpt
 02E2:1772 idle  _OSMboxQuery
 02E2:1866 idle  _OSMemCreate
 02E2:19B1 idle  _OSMemGet
 02E2:1A2F idle  _OSMemPut
 02E2:1A9F idle  _OSMemQuery
 02E2:1B48 idle  _OS_MemInit
 02E2:1BEC idle  _OSMutexAccept
 02E2:1C77 idle  _OSMutexCreate
 02E2:1D5D idle  _OSMutexDel
 02E2:1EB7 idle  _OSMutexPend
 02E2:20A2 idle  _OSMutexPost
 02E2:222A idle  _OSMutexQuery
 02E2:2345 idle  _OSQAccept
 02E2:23E5 idle  _OSQCreate
 02E2:2508 idle  _OSQDel
 02E2:2685 idle  _OSQFlush
 02E2:26DD idle  _OSQPend
 02E2:2823 idle  _OSQPost
 02E2:28EB idle  _OSQPostFront
 02E2:29AD idle  _OSQPostOpt
 02E2:2AEB idle  _OSQQuery
 02E2:2C26 idle  _OS_QInit
 02E2:2C76 idle  _OSSemAccept
 02E2:2CA8       _OSSemCreate
 02E2:2D1C idle  _OSSemDel
 02E2:2E3A idle  _OSSemPend
 02E2:2EEA idle  _OSSemPost
 02E2:2F44 idle  _OSSemQuery
 02E2:3030 idle  _OSTaskChangePrio
 02E2:31FC       _OSTaskCreate
 02E2:32B9 idle  _OSTaskCreateExt
 02E2:33A9 idle  _OSTaskDel
 02E2:3588 idle  _OSTaskDelReq
 02E2:35F4 idle  _OSTaskResume
 02E2:3673 idle  _OSTaskStkChk
 02E2:3758 idle  _OSTaskSuspend
 02E2:3806 idle  _OSTaskQuery
 02E2:3874       _OSTimeDly
 02E2:38BB idle  _OSTimeDlyHMSM
 02E2:3994 idle  _OSTimeDlyResume
 02E2:3A0C       _OSTimeGet
 02E2:3A2B idle  _OSTimeSet
 0686:0000 idle  DATASEG@
 0686:005B idle  __Int0Vector
 0686:005F idle  __Int4Vector
 0686:0063 idle  __Int5Vector
 0686:0067 idle  __Int6Vector
 0686:006B idle  __C0argc
 0686:006D idle  __C0argv
 0686:0071 idle  __C0environ
 0686:0075 idle  __envLng
 0686:0077 idle  __envseg
 0686:0079 idle  __envSize
 0686:007B       __psp
 0686:007D idle  __osversion
 0686:007D idle  __osmajor
 0686:007D idle  __version
 0686:007E idle  __osminor
 0686:007F       _errno
 0686:0081 idle  __StartTime
 0686:0085 idle  ___brklvl
 0686:0087       __heapbase
 0686:008B       __brklvl
 0686:008F       __heaptop
 0686:0106 idle  _OSMapTbl
 0686:010E idle  _OSUnMapTbl
 0686:020E       __atexitcnt
 0686:0210       __exitbuf
 0686:0214 idle  __exitfopen
 0686:0218 idle  __exitopen
 0686:021C       __streams
 0686:03AC       __nfile
 0686:03AE       __openfd
 0686:03D6 idle  __doserrno
 0686:03D8 idle  __dosErrorToSV
 0686:0432       __stklen
 0686:049C       __wscroll
 0686:049E       __video
 0686:04AD       _directvideo
 0686:04EA       __cFlag
 0686:04EB       __cChar
 0686:04F2       __RealCvtVector
 0686:04F4 idle  __ScanTodVector
 0686:0506 idle  _RandomSem
 0686:050A idle  _TaskData
 0686:050D idle  _TaskStartStk
 0686:090D idle  _TaskStk
 0686:150E       _OSTickDOSCtr
 0686:1510 idle  _PC_TickISR
 0686:152C idle  _OSTime
 0686:1530 idle  _OSQTbl
 0686:1560 idle  _OSQFreeList
 0686:1564 idle  _OSMemTbl
 0686:15C8 idle  _OSMemFreeList
 0686:15CC idle  _OSTCBTbl
 0686:16DF idle  _OSTCBPrioTbl
 0686:17DF idle  _OSTCBList
 0686:17E3       _OSTCBHighRdy
 0686:17E7 idle  _OSTCBFreeList
 0686:17EB       _OSTCBCur
 0686:17EF idle  _OSTaskIdleStk
 0686:1BEF idle  _OSIdleCtr
 0686:1BF3 idle  _OSTaskCtr
 0686:1BF4       _OSRunning
 0686:1BF5 idle  _OSRdyTbl
 0686:1BFD idle  _OSRdyGrp
 0686:1BFE       _OSPrioHighRdy
 0686:1BFF       _OSPrioCur
 0686:1C00 idle  _OSLockNesting
 0686:1C01 idle  _OSIntExitY
 0686:1C02       _OSIntNesting
 0686:1C03 idle  _OSTaskStatStk
 0686:2003 idle  _OSStatRdy
 0686:2004 idle  _OSIdleCtrRun
 0686:2008 idle  _OSIdleCtrMax
 0686:200C idle  _OSCPUUsage
 0686:200D idle  _OSFlagFreeList
 0686:2011 idle  _OSFlagTbl
 0686:2034 idle  _OSEventTbl
 0686:2054 idle  _OSEventFreeList
 0686:2058 idle  _OSCtxSwCtr
 0686:205C idle  _c
 0686:205E       _msgTemp
 0686:2062       _msgList
 0686:2066       __atexittbl

Program entry point at 0000:0000

